--------------------------------------------------------------------------------
Release 14.7 Trace  (nt64)
Copyright (c) 1995-2013 Xilinx, Inc.  All rights reserved.

C:\Xilinx\14.7\ISE_DS\ISE\bin\nt64\unwrapped\trce.exe -intstyle ise -v 3 -s 3
-n 3 -fastpaths -xml instruccion_top.twx instruccion_top.ncd -o
instruccion_top.twr instruccion_top.pcf -ucf instruccion_top.ucf

Design file:              instruccion_top.ncd
Physical constraint file: instruccion_top.pcf
Device,package,speed:     xc7a100t,csg324,C,-3 (PRODUCTION 1.10 2013-10-13)
Report level:             verbose report

Environment Variable      Effect 
--------------------      ------ 
NONE                      No environment variables were set
--------------------------------------------------------------------------------

INFO:Timing:2698 - No timing constraints found, doing default enumeration.
INFO:Timing:3412 - To improve timing, see the Timing Closure User Guide (UG612).
INFO:Timing:2752 - To get complete path coverage, use the unconstrained paths 
   option. All paths that are not constrained will be reported in the 
   unconstrained paths section(s) of the report.
INFO:Timing:3339 - The clock-to-out numbers in this timing report are based on 
   a 50 Ohm transmission line loading model.  For the details of this model, 
   and for more information on accounting for different loading conditions, 
   please see the device datasheet.



Data Sheet report:
-----------------
All values displayed in nanoseconds (ns)

Setup/Hold to clock clk
------------+------------+------------+------------+------------+------------------+--------+
            |Max Setup to|  Process   |Max Hold to |  Process   |                  | Clock  |
Source      | clk (edge) |   Corner   | clk (edge) |   Corner   |Internal Clock(s) | Phase  |
------------+------------+------------+------------+------------+------------------+--------+
clr         |    0.172(R)|      FAST  |    1.397(R)|      SLOW  |clk_BUFGP         |   0.000|
id<0>       |    0.867(R)|      FAST  |    0.527(R)|      SLOW  |clk_BUFGP         |   0.000|
id<1>       |   -0.096(R)|      FAST  |    1.783(R)|      SLOW  |clk_BUFGP         |   0.000|
id<2>       |   -0.198(R)|      FAST  |    1.949(R)|      SLOW  |clk_BUFGP         |   0.000|
id<3>       |   -0.050(R)|      FAST  |    1.879(R)|      SLOW  |clk_BUFGP         |   0.000|
inicio      |   -0.242(R)|      FAST  |    2.155(R)|      SLOW  |clk_BUFGP         |   0.000|
ir<0>       |    0.315(R)|      FAST  |    1.297(R)|      SLOW  |clk_BUFGP         |   0.000|
ir<1>       |    0.396(R)|      FAST  |    1.170(R)|      SLOW  |clk_BUFGP         |   0.000|
ir<2>       |   -0.415(R)|      FAST  |    2.261(R)|      SLOW  |clk_BUFGP         |   0.000|
ir<3>       |   -0.272(R)|      FAST  |    2.070(R)|      SLOW  |clk_BUFGP         |   0.000|
------------+------------+------------+------------+------------+------------------+--------+

Clock clk to Pad
------------+-----------------+------------+-----------------+------------+------------------+--------+
            |Max (slowest) clk|  Process   |Min (fastest) clk|  Process   |                  | Clock  |
Destination |  (edge) to PAD  |   Corner   |  (edge) to PAD  |   Corner   |Internal Clock(s) | Phase  |
------------+-----------------+------------+-----------------+------------+------------------+--------+
C           |        10.182(R)|      SLOW  |         3.611(R)|      FAST  |clk_BUFGP         |   0.000|
N           |        10.696(R)|      SLOW  |         3.882(R)|      FAST  |clk_BUFGP         |   0.000|
V           |        10.634(R)|      SLOW  |         3.704(R)|      FAST  |clk_BUFGP         |   0.000|
Z           |        11.068(R)|      SLOW  |         3.518(R)|      FAST  |clk_BUFGP         |   0.000|
------------+-----------------+------------+-----------------+------------+------------------+--------+

Clock to Setup on destination clock clk
---------------+---------+---------+---------+---------+
               | Src:Rise| Src:Fall| Src:Rise| Src:Fall|
Source Clock   |Dest:Rise|Dest:Rise|Dest:Fall|Dest:Fall|
---------------+---------+---------+---------+---------+
clk            |    1.590|         |         |         |
---------------+---------+---------+---------+---------+


Analysis completed Tue Oct 18 19:47:08 2022 
--------------------------------------------------------------------------------

Trace Settings:
-------------------------
Trace Settings 

Peak Memory Usage: 5000 MB



